// Jest Snapshot v1, https://goo.gl/fbAQLP

exports[`[Dashboard] DashboardNewsWidgets should renders correctly 1`] = `
<div
  className="row newsandupdates"
>
  <div
    className="col-md-6 lft-col"
  >
    <div
      className="col-12 section-title"
    >
      <p>
        News & Updates
      </p>
    </div>
    <div
      className="news-container"
    >
      <ul
        className="news-collections-list"
      >
        <li>
          <div
            className="month-val"
          >
            August 2021
          </div>
          <ul
            className="news-feeds-items"
          >
            <li
              className="news-feed"
            >
              <p
                className="title"
              >
                Product launch
              </p>
              <p
                className="desc"
              >
                Lorem ipsum dolor sit amet consectetur adipisicing elit. Obcaecati animi labore ea, mollitia nemo, recusandae voluptatibus vero dolores assumenda nihil dolorem esse adipisci nobis natus tempore consequatur quas. Quia, doloribus.
              </p>
              <div
                className="d-flex justify-content-end"
              >
                <button
                  className="btn btn-link viewmore"
                  type="button"
                >
                  View more
                </button>
              </div>
            </li>
            <li
              className="news-feed"
            >
              <p
                className="title"
              >
                Product launch
              </p>
              <p
                className="desc"
              >
                Lorem ipsum dolor sit amet consectetur adipisicing elit. Obcaecati animi labore ea, mollitia nemo, recusandae voluptatibus vero dolores assumenda nihil dolorem esse adipisci nobis natus tempore consequatur quas. Quia, doloribus.
              </p>
              <div
                className="d-flex justify-content-end"
              >
                <button
                  className="btn btn-link viewmore"
                  type="button"
                >
                  View more
                </button>
              </div>
            </li>
            <li
              className="news-feed"
            >
              <p
                className="title"
              >
                Product launch
              </p>
              <p
                className="desc"
              >
                Lorem ipsum dolor sit amet consectetur adipisicing elit. Obcaecati animi labore ea, mollitia nemo, recusandae voluptatibus vero dolores assumenda nihil dolorem esse adipisci nobis natus tempore consequatur quas. Quia, doloribus.
              </p>
              <div
                className="d-flex justify-content-end"
              >
                <button
                  className="btn btn-link viewmore"
                  type="button"
                >
                  View more
                </button>
              </div>
            </li>
            <li
              className="news-feed"
            >
              <p
                className="title"
              >
                Product launch
              </p>
              <p
                className="desc"
              >
                Lorem ipsum dolor sit amet consectetur adipisicing elit. Obcaecati animi labore ea, mollitia nemo, recusandae voluptatibus vero dolores assumenda nihil dolorem esse adipisci nobis natus tempore consequatur quas. Quia, doloribus.
              </p>
              <div
                className="d-flex justify-content-end"
              >
                <button
                  className="btn btn-link viewmore"
                  type="button"
                >
                  View more
                </button>
              </div>
            </li>
          </ul>
        </li>
        <li>
          <div
            className="month-val"
          >
            September 2021
          </div>
          <ul
            className="news-feeds-items"
          >
            <li
              className="news-feed"
            >
              <p
                className="title"
              >
                Product launch
              </p>
              <p
                className="desc"
              >
                Lorem ipsum dolor sit amet consectetur adipisicing elit. Obcaecati animi labore ea, mollitia nemo, recusandae voluptatibus vero dolores assumenda nihil dolorem esse adipisci nobis natus tempore consequatur quas. Quia, doloribus.
              </p>
              <div
                className="d-flex justify-content-end"
              >
                <button
                  className="btn btn-link viewmore"
                  type="button"
                >
                  View more
                </button>
              </div>
            </li>
            <li
              className="news-feed"
            >
              <p
                className="title"
              >
                Product launch
              </p>
              <p
                className="desc"
              >
                Lorem ipsum dolor sit amet consectetur adipisicing elit. Obcaecati animi labore ea, mollitia nemo, recusandae voluptatibus vero dolores assumenda nihil dolorem esse adipisci nobis natus tempore consequatur quas. Quia, doloribus.
              </p>
              <div
                className="d-flex justify-content-end"
              >
                <button
                  className="btn btn-link viewmore"
                  type="button"
                >
                  View more
                </button>
              </div>
            </li>
            <li
              className="news-feed"
            >
              <p
                className="title"
              >
                Product launch
              </p>
              <p
                className="desc"
              >
                Lorem ipsum dolor sit amet consectetur adipisicing elit. Obcaecati animi labore ea, mollitia nemo, recusandae voluptatibus vero dolores assumenda nihil dolorem esse adipisci nobis natus tempore consequatur quas. Quia, doloribus.
              </p>
              <div
                className="d-flex justify-content-end"
              >
                <button
                  className="btn btn-link viewmore"
                  type="button"
                >
                  View more
                </button>
              </div>
            </li>
            <li
              className="news-feed"
            >
              <p
                className="title"
              >
                Product launch
              </p>
              <p
                className="desc"
              >
                Lorem ipsum dolor sit amet consectetur adipisicing elit. Obcaecati animi labore ea, mollitia nemo, recusandae voluptatibus vero dolores assumenda nihil dolorem esse adipisci nobis natus tempore consequatur quas. Quia, doloribus.
              </p>
              <div
                className="d-flex justify-content-end"
              >
                <button
                  className="btn btn-link viewmore"
                  type="button"
                >
                  View more
                </button>
              </div>
            </li>
            <li
              className="news-feed"
            >
              <p
                className="title"
              >
                Product launch
              </p>
              <p
                className="desc"
              >
                Lorem ipsum dolor sit amet consectetur adipisicing elit. Obcaecati animi labore ea, mollitia nemo, recusandae voluptatibus vero dolores assumenda nihil dolorem esse adipisci nobis natus tempore consequatur quas. Quia, doloribus.
              </p>
              <div
                className="d-flex justify-content-end"
              >
                <button
                  className="btn btn-link viewmore"
                  type="button"
                >
                  View more
                </button>
              </div>
            </li>
            <li
              className="news-feed"
            >
              <p
                className="title"
              >
                Product launch
              </p>
              <p
                className="desc"
              >
                Lorem ipsum dolor sit amet consectetur adipisicing elit. Obcaecati animi labore ea, mollitia nemo, recusandae voluptatibus vero dolores assumenda nihil dolorem esse adipisci nobis natus tempore consequatur quas. Quia, doloribus.
              </p>
              <div
                className="d-flex justify-content-end"
              >
                <button
                  className="btn btn-link viewmore"
                  type="button"
                >
                  View more
                </button>
              </div>
            </li>
          </ul>
        </li>
      </ul>
    </div>
  </div>
  <div
    className="col-md-6 rgt-col"
  >
    <div
      className="col-12 section-title"
    >
      <p>
        Calendar Events
      </p>
    </div>
    <div
      className="calendar-container"
    >
      <ul
        className="calendar-events-list"
      >
        <li>
          <div
            className="date-val"
          >
            6 August 2021
          </div>
          <ul
            className="cal-events-items"
          >
            <li
              className="events-list"
            >
              <p
                className="date-time"
              >
                04:00 pm - 05:00 pm
              </p>
              <p
                className="title"
              >
                Architecto pariatur eaque sed deserunt, ducimus doloremque.
              </p>
              <p
                className="desc"
              >
                Online Webex Meeting
              </p>
            </li>
            <li
              className="events-list"
            >
              <p
                className="date-time"
              >
                05:00 pm - 05:30 pm
              </p>
              <p
                className="title"
              >
                Expedita veritatis debitis eveniet a ratione facilis doloribus asperiores sit nemo.
              </p>
              <p
                className="desc"
              >
                Online Webex Meeting
              </p>
            </li>
          </ul>
        </li>
        <li>
          <div
            className="date-val"
          >
            5 August 2021
          </div>
          <ul
            className="cal-events-items"
          >
            <li
              className="events-list"
            >
              <p
                className="date-time"
              >
                09:00 am - 11:00 am
              </p>
              <p
                className="title"
              >
                CRM Project Essential Planning
              </p>
              <p
                className="desc"
              >
                Online Webex Meeting
              </p>
            </li>
            <li
              className="events-list"
            >
              <p
                className="date-time"
              >
                11:00 am - 11:30 am
              </p>
              <p
                className="title"
              >
                Lorem ipsum dolor sit amet.
              </p>
              <p
                className="desc"
              >
                Online Webex Meeting
              </p>
            </li>
            <li
              className="events-list"
            >
              <p
                className="date-time"
              >
                04:00 pm - 05:00 pm
              </p>
              <p
                className="title"
              >
                Architecto pariatur eaque sed deserunt, ducimus doloremque.
              </p>
              <p
                className="desc"
              >
                Online Webex Meeting
              </p>
            </li>
            <li
              className="events-list"
            >
              <p
                className="date-time"
              >
                05:00 pm - 05:30 pm
              </p>
              <p
                className="title"
              >
                Expedita veritatis debitis eveniet a ratione facilis doloribus asperiores sit nemo.
              </p>
              <p
                className="desc"
              >
                Online Webex Meeting
              </p>
            </li>
          </ul>
        </li>
        <li>
          <div
            className="date-val"
          >
            28 July 2021
          </div>
          <ul
            className="cal-events-items"
          >
            <li
              className="events-list"
            >
              <p
                className="date-time"
              >
                05:00 pm - 05:30 pm
              </p>
              <p
                className="title"
              >
                Expedita veritatis debitis eveniet a ratione facilis doloribus asperiores sit nemo.
              </p>
              <p
                className="desc"
              >
                Online Webex Meeting
              </p>
            </li>
            <li
              className="events-list"
            >
              <p
                className="date-time"
              >
                04:00 pm - 05:00 pm
              </p>
              <p
                className="title"
              >
                Architecto pariatur eaque sed deserunt, ducimus doloremque.
              </p>
              <p
                className="desc"
              >
                Online Webex Meeting
              </p>
            </li>
          </ul>
        </li>
      </ul>
    </div>
  </div>
</div>
`;
